avatar,action
piratesofthecaribbeanatworldsend,action
thedarkknightrises,action
johncarter,action
tangled,all
harrypotterandthehalfbloodprince,all
supermanreturns,action
quantumofsolace,action
piratesofthecaribbeandeadmanschest,action
theloneranger,action
manofsteel,action
thechroniclesofnarniaprincecaspian,all
theavengers,action
piratesofthecaribbeanonstrangertides,action
meninblack3,action
thehobbitthebattleofthefivearmies,action
robinhood,action
thehobbitthedesolationofsmaug,all
thegoldencompass,all
kingkong,action
captainamericacivilwar,action
jurassicworld,action
skyfall,action
spiderman2,action
ironman3,action
xmenthelaststand,action
transformersrevengeofthefallen,action
transformersageofextinction,action
ozthegreatandpowerful,all
tronlegacy,action
cars2,all
greenlantern,action
toystory3,all
terminatorsalvation,action
furious7,action
worldwarz,action
startrekintodarkness,action
thegreatgatsby,all
transformersdarkofthemoon,action
thegooddinosaur,all
startrekbeyond,action
rushhour3,action
2012,action
achristmascarol,all
thelegendoftarzan,action
thechroniclesofnarniathelionthewitchandthewardrobe,all
xmenapocalypse,all
thedarkknight,action
up,all
monstersvsaliens,all
ironman,action
hugo,all
wildwildwest,action
themummytombofthedragonemperor,action
suicidesquad,action
evanalmighty,all
edgeoftomorrow,action
gijoetheriseofcobra,action
insideout,all
thejunglebook,all
snowwhiteandthehuntsman,all
dawnoftheplanetoftheapes,action
tomorrowland,all
bighero6,action
wreckitralph,all
thepolarexpress,all
guardiansofthegalaxy,action
interstellar,all
inception,action
shingodzilla,action
thehobbitanunexpectedjourney,action
thefastandthefurious,action
thecuriouscaseofbenjaminbutton,all
xmenfirstclass,action
poseidon,action
alicethroughthelookingglass,all
shrekthethird,all
warcraft,action
terminatorgenisys,action
thechroniclesofnarniathevoyageofthedawntreader,all
pearlharbor,all
alexander,action
hancock,action
iamlegend,action
charlieandthechocolatefactory,all
ratatouille,all
batmanbegins,action
madagascarescape2africa,all
nightatthemuseumbattleofthesmithsonian,action
xmenoriginswolverine,action
thematrixrevolutions,action
thematrixreloaded,action
madmaxfuryroad,action
angelsdemons,all
thor,action
bolt,all
gforce,action
wrathofthetitans,all
darkshadows,all
missionimpossibleroguenation,action
thewolfman,all
beemovie,all
thelastairbender,action
missionimpossibleiii,action
whitehousedown,action
marsneedsmoms,all
flushedaway,all
pan,all
mrpeabodysherman,all
troy,all
madagascar3europesmostwanted,all
ghostbusters,action
armageddon,action
beowulf,action
kungfupanda3,action
missionimpossibleghostprotocol,action
riseoftheguardians,all
funwithdickandjane,all
thelastsamurai,action
exodusgodsandkings,action
startrek,action
spiderman,action
howtotrainyourdragon2,action
godsofegypt,all
stealth,action
watchmen,action
lethalweapon4,action
hulk,action
gijoeretaliation,action
sahara,action
finalfantasythespiritswithin,action
masterandcommanderthefarsideoftheworld,all
thetwilightsagabreakingdawnpart2,all
happyfeettwo,all
theincrediblehulk,action
therevenant,all
turbo,all
rango,all
penguinsofmadagascar,all
thebourneultimatum,action
kungfupanda,all
antman,action
thehungergamescatchingfire,action
waroftheworlds,all
pussinboots,action
salt,action
noah,all
theadventuresoftintin,all
australia,all
afterearth,action
dinosaur,all
nightatthemuseumsecretofthetomb,all
megamind,action
harrypotterandthephilosophersstone,all
ripd,action
piratesofthecaribbeanthecurseoftheblackpearl,action
thehungergamesmockingjaypart1,all
thedavincicode,all
rio2,all
fastfive,action
clashofthetitans,action
totalrecall,action
the13thwarrior,action
thebournelegacy,action
batmanrobin,action
howthegrinchstolechristmas,all
theperfectstorm,all
prometheus,all
stuartlittle2,all
howdoyouknow,all
monstersinc,all
thecroods,all
gravity,all
insurgent,all
theaviator,all
gulliverstravels,all
thesmurfs,all
homeontherange,all
allegiant,all
ali,all
thecatinthehat,all
stuartlittle,all
theprincessandthefrog,all
themartian,all
towncountry,all
publicenemies,all
americangangster,all
thetakingofpelham123,all
littlefockers,all
djangounchained,all
thehunchbackofnotredame,all
theemperorsnewgroove,all
wherethewildthingsare,all
epic,all
thewolfofwallstreet,all
cloudatlas,all
legendoftheguardianstheowlsofgahoole,all
treasureplanet,all
landofthelost,all
sonofthemask,all
