avatar,action
piratesofthecaribbeanatworldsend,action
thedarkknightrises,action
johncarter,action
supermanreturns,action
quantumofsolace,action
piratesofthecaribbeandeadmanschest,action
theloneranger,action
manofsteel,action
theavengers,action
piratesofthecaribbeanonstrangertides,action
thehobbitthebattleofthefivearmies,action
robinhood,action
kingkong,action
captainamericacivilwar,action
jurassicworld,action
skyfall,action
spiderman2,action
ironman3,action
xmenthelaststand,action
transformersrevengeofthefallen,action
transformersageofextinction,action
tronlegacy,action
greenlantern,action
terminatorsalvation,action
furious7,action
worldwarz,action
startrekintodarkness,action
transformersdarkofthemoon,action
startrekbeyond,action
2012,action
thelegendoftarzan,action
thedarkknight,action
ironman,action
themummytombofthedragonemperor,action
suicidesquad,action
edgeoftomorrow,action
gijoetheriseofcobra,action
dawnoftheplanetoftheapes,action
guardiansofthegalaxy,action
inception,action
shingodzilla,action
thehobbitanunexpectedjourney,action
thefastandthefurious,action
xmenfirstclass,action
poseidon,action
warcraft,action
terminatorgenisys,action
alexander,action
hancock,action
iamlegend,action
batmanbegins,action
xmenoriginswolverine,action
thematrixrevolutions,action
thematrixreloaded,action
madmaxfuryroad,action
thor,action
missionimpossibleroguenation,action
thelastairbender,action
missionimpossibleiii,action
whitehousedown,action
armageddon,action
beowulf,action
missionimpossibleghostprotocol,action
thelastsamurai,action
exodusgodsandkings,action
startrek,action
spiderman,action
stealth,action
watchmen,action
hulk,action
gijoeretaliation,action
finalfantasythespiritswithin,action
theincrediblehulk,action
thebourneultimatum,action
antman,action
thehungergamescatchingfire,action
pussinboots,action
salt,action
afterearth,action
piratesofthecaribbeanthecurseoftheblackpearl,action
fastfive,action
clashofthetitans,action
totalrecall,action
the13thwarrior,action
thebournelegacy,action
batmanrobin,action
thedayaftertomorrow,action
missionimpossibleii,action
fantastic4riseofthesilversurfer,action
lifeofpi,action
ghostrider,action
jasonbourne,action
thechroniclesofriddick,action
speedracer,action
thewolverine,action
starwarsepisodeithephantommenace,action
windtalkers,action
dantespeak,action
fantasticfour,action
cars2,comedy
toystory3,comedy
up,comedy
evanalmighty,comedy
insideout,comedy
wreckitralph,comedy
shrekthethird,comedy
charlieandthechocolatefactory,comedy
ratatouille,comedy
bolt,comedy
darkshadows,comedy
beemovie,comedy
flushedaway,comedy
funwithdickandjane,comedy
happyfeettwo,comedy
rango,comedy
penguinsofmadagascar,comedy
kungfupanda,comedy
nightatthemuseumsecretofthetomb,comedy
rio2,comedy
howthegrinchstolechristmas,comedy
stuartlittle2,comedy
howdoyouknow,comedy
monstersinc,comedy
thecroods,comedy
gulliverstravels,comedy
thesmurfs,comedy
thecatinthehat,comedy
stuartlittle,comedy
towncountry,comedy
littlefockers,comedy
theemperorsnewgroove,comedy
thewolfofwallstreet,comedy
landofthelost,comedy
sonofthemask,comedy
surfsup,comedy
thecampaign,comedy
sexandthecity2,comedy
theroadtoeldorado,comedy
iceagecontinentaldrift,comedy
toystory2,comedy
cloudywithachanceofmeatballs,comedy
thesecretlifeofwaltermitty,comedy
alvinandthechipmunkstheroadchip,comedy
thehauntedmansion,comedy
rio,comedy
bicentennialman,comedy
happyfeet,comedy
hoteltransylvania,comedy
enchanted,comedy
102dalmatians,comedy
theholiday,comedy
mirrormirror,comedy
nuttyprofessoriitheklumps,comedy
scoobydoo,comedy
click,comedy
creepshow,comedy
catsdogs2therevengeofkittygalore,comedy
brucealmighty,comedy
thehangoverpartii,comedy
charlottesweb,comedy
thelongestyard,comedy
alvinandthechipmunkschipwrecked,comedy
grownups2,comedy
somethingsgottagive,comedy
fourchristmases,comedy
bedtimestories,comedy
justgowithit,comedy
flubber,comedy
spacejam,comedy
yogibear,comedy
spiritstallionofthecimarron,comedy
zookeeper,comedy
hoteltransylvania2,comedy
littlenicky,comedy
looneytunesbackinaction,comedy
babepiginthecity,comedy
topcatbegins,comedy
cloudywithachanceofmeatballs2,comedy
jackandjill,comedy
despicableme2,comedy
iceagethemeltdown,comedy
grownups,comedy
hotelfordogs,comedy
charliewilsonswar,comedy
becool,comedy
spanglish,comedy
monsterhouse,comedy
minions,comedy
foolsgold,comedy
funnypeople,comedy
talladeganightstheballadofrickybobby,comedy
drdolittle2,comedy
thesimpsonsmovie,comedy
doctordolittle,comedy
shrek2,comedy
cars,comedy
runawaybride,comedy
thespongebobmoviespongeoutofwater,comedy
alvinandthechipmunksthesqueakquel,comedy
