avatar,action
piratesofthecaribbeanatworldsend,action
thedarkknightrises,action
johncarter,action
supermanreturns,action
quantumofsolace,action
piratesofthecaribbeandeadmanschest,action
theloneranger,action
manofsteel,action
theavengers,action
piratesofthecaribbeanonstrangertides,action
thehobbitthebattleofthefivearmies,action
robinhood,action
kingkong,action
captainamericacivilwar,action
jurassicworld,action
skyfall,action
spiderman2,action
ironman3,action
xmenthelaststand,action
transformersrevengeofthefallen,action
transformersageofextinction,action
tronlegacy,action
cars2,comedy
greenlantern,action
toystory3,comedy
terminatorsalvation,action
furious7,action
worldwarz,action
startrekintodarkness,action
transformersdarkofthemoon,action
startrekbeyond,action
2012,action
thelegendoftarzan,action
thedarkknight,action
up,comedy
ironman,action
themummytombofthedragonemperor,action
suicidesquad,action
evanalmighty,comedy
edgeoftomorrow,action
gijoetheriseofcobra,action
insideout,comedy
dawnoftheplanetoftheapes,action
wreckitralph,comedy
guardiansofthegalaxy,action
inception,action
shingodzilla,action
thehobbitanunexpectedjourney,action
thefastandthefurious,action
xmenfirstclass,action
poseidon,action
shrekthethird,comedy
warcraft,action
terminatorgenisys,action
alexander,action
hancock,action
iamlegend,action
charlieandthechocolatefactory,comedy
ratatouille,comedy
batmanbegins,action
xmenoriginswolverine,action
thematrixrevolutions,action
thematrixreloaded,action
madmaxfuryroad,action
thor,action
bolt,comedy
darkshadows,comedy
missionimpossibleroguenation,action
beemovie,comedy
thelastairbender,action
missionimpossibleiii,action
whitehousedown,action
flushedaway,comedy
armageddon,action
beowulf,action
missionimpossibleghostprotocol,action
funwithdickandjane,comedy
thelastsamurai,action
exodusgodsandkings,action
startrek,action
spiderman,action
stealth,action
watchmen,action
hulk,action
gijoeretaliation,action
finalfantasythespiritswithin,action
happyfeettwo,comedy
theincrediblehulk,action
rango,comedy
penguinsofmadagascar,comedy
thebourneultimatum,action
kungfupanda,comedy
antman,action
thehungergamescatchingfire,action
pussinboots,action
salt,action
afterearth,action
nightatthemuseumsecretofthetomb,comedy
piratesofthecaribbeanthecurseoftheblackpearl,action
rio2,comedy
fastfive,action
clashofthetitans,action
totalrecall,action
the13thwarrior,action
thebournelegacy,action
batmanrobin,action
howthegrinchstolechristmas,comedy
thedayaftertomorrow,action
missionimpossibleii,action
fantastic4riseofthesilversurfer,action
lifeofpi,action
ghostrider,action
jasonbourne,action
stuartlittle2,comedy
thechroniclesofriddick,action
speedracer,action
howdoyouknow,comedy
monstersinc,comedy
thewolverine,action
starwarsepisodeithephantommenace,action
thecroods,comedy
windtalkers,action
dantespeak,action
gulliverstravels,comedy
thesmurfs,comedy
thecatinthehat,comedy
stuartlittle,comedy
towncountry,comedy
littlefockers,comedy
theemperorsnewgroove,comedy
thewolfofwallstreet,comedy
landofthelost,comedy
sonofthemask,comedy
surfsup,comedy
thecampaign,comedy
sexandthecity2,comedy
theroadtoeldorado,comedy
iceagecontinentaldrift,comedy
toystory2,comedy
cloudywithachanceofmeatballs,comedy
thesecretlifeofwaltermitty,comedy
alvinandthechipmunkstheroadchip,comedy
thehauntedmansion,comedy
rio,comedy
bicentennialman,comedy
happyfeet,comedy
hoteltransylvania,comedy
enchanted,comedy
102dalmatians,comedy
theholiday,comedy
mirrormirror,comedy
nuttyprofessoriitheklumps,comedy
scoobydoo,comedy
click,comedy
creepshow,comedy
catsdogs2therevengeofkittygalore,comedy
brucealmighty,comedy
thehangoverpartii,comedy
charlottesweb,comedy
thelongestyard,comedy
alvinandthechipmunkschipwrecked,comedy
grownups2,comedy
somethingsgottagive,comedy
fourchristmases,comedy
bedtimestories,comedy
justgowithit,comedy
flubber,comedy
spacejam,comedy
yogibear,comedy
spiritstallionofthecimarron,comedy
zookeeper,comedy
hoteltransylvania2,comedy
littlenicky,comedy
looneytunesbackinaction,comedy
babepiginthecity,comedy
topcatbegins,comedy
cloudywithachanceofmeatballs2,comedy
jackandjill,comedy
despicableme2,comedy
iceagethemeltdown,comedy
grownups,comedy
hotelfordogs,comedy
charliewilsonswar,comedy
becool,comedy
spanglish,comedy
monsterhouse,comedy
minions,comedy
foolsgold,comedy
funnypeople,comedy
talladeganightstheballadofrickybobby,comedy
drdolittle2,comedy
thesimpsonsmovie,comedy
doctordolittle,comedy
shrek2,comedy
cars,comedy
runawaybride,comedy
thespongebobmoviespongeoutofwater,comedy
alvinandthechipmunksthesqueakquel,comedy
thematrix,action
