avatar,action
piratesofthecaribbeanatworldsend,action
thedarkknightrises,action
johncarter,action
supermanreturns,action
quantumofsolace,action
piratesofthecaribbeandeadmanschest,action
theloneranger,action
manofsteel,action
theavengers,action
piratesofthecaribbeanonstrangertides,action
meninblack3,action
thehobbitthebattleofthefivearmies,action
robinhood,action
kingkong,action
captainamericacivilwar,action
jurassicworld,action
skyfall,action
spiderman2,action
ironman3,action
xmenthelaststand,action
transformersrevengeofthefallen,action
transformersageofextinction,action
tronlegacy,action
greenlantern,action
terminatorsalvation,action
furious7,action
worldwarz,action
startrekintodarkness,action
transformersdarkofthemoon,action
startrekbeyond,action
rushhour3,action
2012,action
thelegendoftarzan,action
thedarkknight,action
ironman,action
wildwildwest,action
themummytombofthedragonemperor,action
suicidesquad,action
edgeoftomorrow,action
gijoetheriseofcobra,action
dawnoftheplanetoftheapes,action
bighero6,action
guardiansofthegalaxy,action
inception,action
shingodzilla,action
thehobbitanunexpectedjourney,action
thefastandthefurious,action
xmenfirstclass,action
poseidon,action
warcraft,action
terminatorgenisys,action
hancock,action
iamlegend,action
batmanbegins,action
nightatthemuseumbattleofthesmithsonian,action
xmenoriginswolverine,action
thematrixrevolutions,action
thematrixreloaded,action
madmaxfuryroad,action
thor,action
gforce,action
missionimpossibleroguenation,action
thelastairbender,action
missionimpossibleiii,action
whitehousedown,action
ghostbusters,action
armageddon,action
beowulf,action
kungfupanda3,action
missionimpossibleghostprotocol,action
thelastsamurai,action
exodusgodsandkings,action
startrek,action
spiderman,action
howtotrainyourdragon2,action
stealth,action
watchmen,action
lethalweapon4,action
hulk,action
gijoeretaliation,action
sahara,action
finalfantasythespiritswithin,action
theincrediblehulk,action
thebourneultimatum,action
antman,action
thehungergamescatchingfire,action
pussinboots,action
salt,action
afterearth,action
megamind,action
ripd,action
piratesofthecaribbeanthecurseoftheblackpearl,action
fastfive,action
clashofthetitans,action
totalrecall,action
the13thwarrior,action
thebournelegacy,action
batmanrobin,action
thedayaftertomorrow,action
thegreatgatsby,romance
thecuriouscaseofbenjaminbutton,romance
pearlharbor,romance
thetwilightsagabreakingdawnpart2,romance
howdoyouknow,romance
theprincessandthefrog,romance
towncountry,romance
littlefockers,romance
sexandthecity2,romance
cinderella,romance
enchanted,romance
theholiday,romance
memoirsofageisha,romance
nuttyprofessoriitheklumps,romance
click,romance
somethingsgottagive,romance
fourchristmases,romance
bedtimestories,romance
justgowithit,romance
zookeeper,romance
whatdreamsmaycome,romance
littlenicky,romance
nine,romance
abeautifulmind,romance
annaandtheking,romance
foolsgold,romance
drdolittle2,romance
themajestic,romance
runawaybride,romance
vanillasky,romance
stardust,romance
rockofages,romance
thetwilightsagaeclipse,romance
entrapment,romance
whatwomenwant,romance
monalisasmile,romance
focus,romance
randomhearts,romance
theamericanpresident,romance
theloveguru,romance
meetthefockers,romance
twoweeksnotice,romance
couplesretreat,romance
thefamilyman,romance
thehorsewhisperer,romance
duplicity,romance
intolerablecruelty,romance
troublewiththecurve,romance
winterstale,romance
beyondborders,romance
justlikeheaven,romance
theflintstonesinvivarockvegas,romance
leatherheads,romance
captaincorellismandolin,romance
forrestgump,romance
meettheparents,romance
thenuttyprofessor,romance
georgeofthejungle,romance
americanwedding,romance
maidinmanhattan,romance
disclosure,romance
cityofangels,romance
thephantomoftheopera,romance
elizabeththegoldenage,romance
burlesque,romance
lolita,romance
elizabethtown,romance
youmeanddupree,romance
moulinrouge,romance
luckyyou,romance
thebreakup,romance
mammamia,romance
valentinesday,romance
manonthemoon,romance
thetwilightsaganewmoon,romance
jerrymaguire,romance
asgoodasitgets,romance
howtoloseaguyin10days,romance
interviewwiththevampire,romance
crazystupidlove,romance
herbiefullyloaded,romance
thebookoflife,romance
bridgetjonestheedgeofreason,romance
thebeach,romance
raisinghelen,romance
forloveofthegame,romance
thestoryofus,romance
thescarletletter,romance
beautifulcreatures,romance
whatplanetareyoufrom,romance
annakarenina,romance
kateleopold,romance
bedazzled,romance
thecottonclub,romance
thethomascrownaffair,romance
ridingincarswithboys,romance
maryreilly,romance
mybestfriendswedding,romance
americassweethearts,romance
theprincessdiaries2royalengagement,romance
