avatar,action
piratesofthecaribbeanatworldsend,action
johncarter,action
supermanreturns,action
piratesofthecaribbeandeadmanschest,action
theloneranger,action
manofsteel,action
theavengers,action
piratesofthecaribbeanonstrangertides,action
meninblack3,action
thehobbitthebattleofthefivearmies,action
robinhood,action
kingkong,action
captainamericacivilwar,action
spiderman2,action
ironman3,action
transformersrevengeofthefallen,action
transformersageofextinction,action
tronlegacy,action
furious7,action
startrekintodarkness,action
transformersdarkofthemoon,action
startrekbeyond,action
2012,action
thelegendoftarzan,action
ironman,action
wildwildwest,action
themummytombofthedragonemperor,action
suicidesquad,action
edgeoftomorrow,action
bighero6,action
guardiansofthegalaxy,action
shingodzilla,action
thehobbitanunexpectedjourney,action
xmenfirstclass,action
warcraft,action
alexander,action
hancock,action
batmanbegins,action
nightatthemuseumbattleofthesmithsonian,action
thor,action
gforce,action
thelastairbender,action
ghostbusters,action
beowulf,action
kungfupanda3,action
thelastsamurai,action
exodusgodsandkings,action
startrek,action
spiderman,action
howtotrainyourdragon2,action
stealth,action
watchmen,action
hulk,action
sahara,action
theincrediblehulk,action
antman,action
thehungergamescatchingfire,action
pussinboots,action
afterearth,action
megamind,action
ripd,action
piratesofthecaribbeanthecurseoftheblackpearl,action
clashofthetitans,action
totalrecall,action
the13thwarrior,action
batmanrobin,action
lifeofpi,action
charliesangelsfullthrottle,action
thechroniclesofriddick,action
speedracer,action
thewolverine,action
starwarsepisodeithephantommenace,action
windtalkers,action
teenagemutantninjaturtles,action
teenagemutantninjaturtlesoutoftheshadows,action
fantasticfour,action
nightatthemuseum,action
thepatriot,action
thegreenhornet,action
300riseofanempire,action
realsteel,action
endersgame,action
thelordoftheringsthefellowshipofthering,action
aroundtheworldin80days,action
irobot,action
kingdomofheaven,action
gladiator,action
theotherguys,action
eragon,action
endofdays,action
batmanforever,action
catwoman,action
hercules,action
theadventuresofplutonash,action
themummyreturns,action
thestepfordwives,action
blackhawkdown,action
thelordoftheringsthereturnoftheking,action
thelordoftheringsthetwotowers,action
thecuriouscaseofbenjaminbutton,thriller
angelsdemons,thriller
thewolfman,thriller
therevenant,thriller
waroftheworlds,thriller
thehungergamesmockingjaypart1,thriller
thedavincicode,thriller
gravity,thriller
insurgent,thriller
thetakingofpelham123,thriller
thespanishprisoner,thriller
transcendence,thriller
whatliesbeneath,thriller
thedeparted,thriller
thegirlwiththedragontattoo,thriller
thehauntedmansion,thriller
theinterpreter,thriller
thedevilsown,thriller
k19thewidowmaker,thriller
oceanseleven,thriller
oceansthirteen,thriller
zodiac,thriller
shutterisland,thriller
roadtoperdition,thriller
thedaytheearthstoodstill,thriller
themanchuriancandidate,thriller
thirteendays,thriller
reddragon,thriller
theinvasion,thriller
exorcistthebeginning,thriller
nowyouseeme,thriller
thevillage,thriller
vanillasky,thriller
ladyinthewater,thriller
hardrain,thriller
basicinstinct2,thriller
thexfiles,thriller
dreamcatcher,thriller
worldtradecenter,thriller
ifrankenstein,thriller
sincityadametokillfor,thriller
gonegirl,thriller
thegeneralsdaughter,thriller
collateral,thriller
jackreacher,thriller
contagion,thriller
thehappening,thriller
edgeofdarkness,thriller
therelic,thriller
supernova,thriller
darkwater,thriller
thedevilsadvocate,thriller
flightplan,thriller
disclosure,thriller
instinct,thriller
thefan,thriller
thephantomoftheopera,thriller
thegodfatherpartiii,thriller
allthekingsmen,thriller
domesticdisturbance,thriller
lawabidingcitizen,thriller
beloved,thriller
zerodarkthirty,thriller
super8,thriller
insideman,thriller
theringtwo,thriller
dontsayaword,thriller
unfaithful,thriller
syriana,thriller
firewall,thriller
absolutepower,thriller
thegame,thriller
outoftime,thriller
thebeach,thriller
striptease,thriller
murderbynumbers,thriller
bloodwork,thriller
theinternational,thriller
thelifeofdavidgale,thriller
easternpromises,thriller
dreamhouse,thriller
fairgame,thriller
deathtosmoochy,thriller
traffic,thriller
panicroom,thriller
thecableguy,thriller
maryreilly,thriller
insomnia,thriller
courageunderfire,thriller
theinfiltrator,thriller
thepelicanbrief,thriller
theclient,thriller
prisoners,thriller
anaconda,thriller
fromhell,thriller
savages,thriller
theghostwriter,thriller
argo,thriller
sleepers,thriller
thejuror,thriller
