planetoftheapes,familyaction
krrish,familyaction
extremeops,familyaction
crouchingtigerhiddendragon,familyaction
toystory,familyaction
drno,familyaction
redplanet,familyaction
silenttrigger,familyaction
batmanthedarkknightreturnspart2,familyaction
vforvendetta,familyaction
shadowconspiracy,familyaction
hachiadogstale,familyaction
thisthingofours,familyaction
spiderman2,familyaction
returnofthejedi,familyaction
fortress,familyaction
harrypotterandthehalfbloodprince,familyaction
bloodysunday,familyaction
themonkeyking2,familyaction
paulblartmallcop2,familyaction
thelaststand,familyaction
monsterhouse,familyaction
thunderandthehouseofmagic,familyaction
thegooddinosaur,familyaction
thelastcastle,familyaction
misspotter,familyaction
ransom,familyaction
lastactionhero,familyaction
megaforce,familyaction
theoogielovesinthebigballoonadventure,familyaction
myfairlady,familyaction
brokenarrow,familyaction
shrek,familyaction
livefreeordiehard,familyaction
madagascar3europesmostwanted,familyaction
thebloodofheroes,familyaction
youdontmesswiththezohan,familyaction
domino,familyaction
shanghainoon,familyaction
thesoundofmusic,familyaction
thenutjob,familyaction
theothersideofheaven,familyaction
smokinaces,familyaction
backtothefuturepartii,familyaction
atlantisthelostempire,familyaction
abrahamlincolnvampirehunter,familyaction
jimmyandjudy,familyaction
justinbieberneversaynever,familyaction
classof1984,familyaction
afterthesunset,familyaction
thewolverine,familyaction
bulletsoverbroadway,familyaction
theshaggydog,familyaction
thedarkknightrises,familyaction
eightbelow,familyaction
kickingscreaming,familyaction
alphaandomega,familyaction
theoddlifeoftimothygreen,familyaction
paranorman,familyaction
mightyjoeyoung,familyaction
silmido,familyaction
piratesofthecaribbeandeadmanschest,familyaction
thebluebutterfly,familyaction
risen,familyaction
terminatorsalvation,familyaction
kungfupanda,familyaction
jinglealltheway,familyaction
allhat,familyaction
beastmaster2throughtheportaloftime,familyaction
cinderella,familyaction
elf,familyaction
achristmasstory,familyaction
flushedaway,familyaction
missionimpossibleii,familyaction
catsdogs2therevengeofkittygalore,familyaction
residentevilafterlife,familyaction
u571,familyaction
thesmurfs,familyaction
thechroniclesofnarniathelionthewitchandthewardrobe,familyaction
escapeplan,familyaction
shaolinsoccer,familyaction
havplenty,familyaction
hobowithashotgun,familyaction
wherethewildthingsare,familyaction
homealone,familyaction
wildhogs,familyaction
volcano,familyaction
deadmandown,familyaction
pinocchio,familyaction
thephantom,familyaction
thehobbitanunexpectedjourney,familyaction
bait,familyaction
kingdomofheaven,familyaction
sweetsweetbacksbaadassssssong,familyaction
mrhollandsopus,familyaction
rollbounce,familyaction
whitesquall,familyaction
delgo,familyaction
duma,familyaction
30minutesorless,familyaction
thegeneralsdaughter,mystery
gosfordpark,mystery
cure,mystery
aperfectgetaway,mystery
disclosure,mystery
scoobydoo,mystery
easternpromises,mystery
thexfiles,mystery
wickerpark,mystery
beforeigotosleep,mystery
2001aspaceodyssey,mystery
88minutes,mystery
dressedtokill,mystery
eyeofthebeholder,mystery
rec,mystery
angelsdemons,mystery
themissingperson,mystery
thething,mystery
cypher,mystery
pi,mystery
courageunderfire,mystery
8women,mystery
windsordrive,mystery
basicinstinct2,mystery
thereturn,mystery
thegift,mystery
carouselofrevenge,mystery
thewailing,mystery
thesixthsense,mystery
frenzy,mystery
highcrimes,mystery
supertroopers,mystery
halloweeniiiseasonofthewitch,mystery
thedevilsadvocate,mystery
allgoodthings,mystery
rubber,mystery
horror,mystery
thesecretintheireyes,mystery
aceventurapetdetective,mystery
flightplan,mystery
super8,mystery
thesoundandtheshadow,mystery
session9,mystery
theoxfordmurders,mystery
brighamcity,mystery
themothmanprophecies,mystery
theconstantgardener,mystery
iknowwhatyoudidlastsummer,mystery
thecurseofthejadescorpion,mystery
beneaththeplanetoftheapes,mystery
gossip,mystery
soulsurvivors,mystery
scoobydoo2monstersunleashed,mystery
dreamhouse,mystery
afterlife,mystery
trance,mystery
theredviolin,mystery
prometheus,mystery
secretwindow,mystery
joedirt,mystery
after,mystery
joyride,mystery
transcendence,mystery
changeling,mystery
theconversation,mystery
ghost,mystery
thevaticanexorcisms,mystery
mulhollanddrive,mystery
winterstale,mystery
forbiddenkingdom,mystery
case39,mystery
wildthings,mystery
theothers,mystery
thethirteenthfloor,mystery
nerve,mystery
213,mystery
amistad,mystery
startrekthemotionpicture,mystery
midnightinthegardenofgoodandevil,mystery
videodrome,mystery
thejacket,mystery
fromhell,mystery
thelakehouse,mystery
insomnia,mystery
thepelicanbrief,mystery
atlasshruggedpartiiiwhoisjohngalt,mystery
thefinaldestination,mystery
istillknowwhatyoudidlastsummer,mystery
silenthillrevelation3d,mystery
originalsin,mystery
exotica,mystery
thefan,mystery
contact,mystery
thehouseofthedevil,mystery
houseonhauntedhill,mystery
wonderland,mystery
theimaginariumofdoctorparnassus,mystery
memento,mystery
citybythesea,mystery
8mm,mystery
