planetoftheapes,action
krrish,action
extremeops,action
crouchingtigerhiddendragon,action
toystory,family
drno,action
redplanet,action
silenttrigger,action
batmanthedarkknightreturnspart2,action
vforvendetta,action
shadowconspiracy,action
hachiadogstale,family
thisthingofours,action
spiderman2,action
returnofthejedi,action
fortress,action
harrypotterandthehalfbloodprince,family
bloodysunday,action
themonkeyking2,action
paulblartmallcop2,family
thelaststand,action
monsterhouse,family
thunderandthehouseofmagic,family
thegooddinosaur,family
thelastcastle,action
misspotter,family
ransom,action
lastactionhero,family
megaforce,action
theoogielovesinthebigballoonadventure,family
myfairlady,family
brokenarrow,action
shrek,family
livefreeordiehard,action
madagascar3europesmostwanted,family
thebloodofheroes,action
youdontmesswiththezohan,action
domino,action
shanghainoon,action
thesoundofmusic,family
thenutjob,family
theothersideofheaven,family
smokinaces,action
backtothefuturepartii,family
atlantisthelostempire,family
abrahamlincolnvampirehunter,action
jimmyandjudy,action
justinbieberneversaynever,family
classof1984,action
afterthesunset,action
thewolverine,action
bulletsoverbroadway,action
theshaggydog,family
thedarkknightrises,action
eightbelow,family
kickingscreaming,family
alphaandomega,family
theoddlifeoftimothygreen,family
paranorman,family
mightyjoeyoung,family
silmido,action
piratesofthecaribbeandeadmanschest,action
thebluebutterfly,family
risen,action
terminatorsalvation,action
kungfupanda,family
jinglealltheway,family
allhat,action
beastmaster2throughtheportaloftime,action
cinderella,family
elf,family
achristmasstory,family
flushedaway,family
missionimpossibleii,action
catsdogs2therevengeofkittygalore,family
residentevilafterlife,action
u571,action
thesmurfs,family
thechroniclesofnarniathelionthewitchandthewardrobe,family
escapeplan,action
shaolinsoccer,action
havplenty,action
hobowithashotgun,action
wherethewildthingsare,family
homealone,family
wildhogs,action
volcano,action
deadmandown,action
pinocchio,family
thephantom,action
thehobbitanunexpectedjourney,action
bait,action
kingdomofheaven,action
sweetsweetbacksbaadassssssong,action
mrhollandsopus,family
rollbounce,family
whitesquall,action
delgo,family
duma,family
30minutesorless,action
redcliff,action
doogal,family
blackthorn,action
meninblack3,action
avatar,action
pointblank,action
spiritstallionofthecimarron,family
themusketeer,action
sanandreas,action
bigmommaslikefatherlikeson,action
existenz,action
vampires,action
theheat,action
starwarsepisodeithephantommenace,action
3000milestograceland,action
clearandpresentdanger,action
teenagemutantninjaturtles,action
rollerball,action
thebounty,action
excessiveforce,action
thehitchhikersguidetothegalaxy,family
piratesofthecaribbeanonstrangertides,action
nighthawks,action
thecoldlightofday,action
theanimal,action
alvinandthechipmunks,family
starshiptroopers,action
ponyo,family
seespotrun,family
gijane,action
luckynumbers,action
cradle2thegrave,action
hocuspocus,family
theloneranger,action
lonewolfmcquade,action
marmaduke,family
legendofarabbit,family
hancock,action
virginterritory,action
cityofember,family
spacechimps,family
thegunman,action
megamind,family
thelegendoftarzan,action
edgeoftomorrow,action
alvinandthechipmunksthesqueakquel,family
thelastwitchhunter,action
collateraldamage,action
cirquedusoleilworldsaway,family
redtails,action
exitwounds,action
karachiselahore,family
thelostworldjurassicpark,action
beverlyhillschihuahua,family
xmenfirstclass,action
tracker,action
codenamethecleaner,action
jasonbourne,action
exiled,action
fantasticmrfox,family
animalsunited,family
happilyneverafter,family
bravenewgirl,family
abugslife,family
thegreatestgameeverplayed,family
foodfight,family
shestheman,family
hoteltransylvania2,family
christmaswiththekranks,family
3ninjaskickback,family
percyjacksontheolympiansthelightningthief,family
thebookoflife,family
theneverendingstory,family
racetowitchmountain,family
backtothefuturepartiii,family
muppetsfromspace,family
yoursmineandours,family
diaryofawimpykiddogdays,family
questforcamelot,family
sharktale,family
thetruestoryofpussnboots,family
bandslam,family
thesantaclause2,family
standingovation,family
dudleydoright,family
curiousgeorge,family
thelittlevampire,family
ozthegreatandpowerful,family
barnyard,family
lostinspace,family
babygeniuses,family
honey,family
stormbreaker,family
myfavoritemartian,family
winniethepooh,family
bighero6,family
alvinandthechipmunkstheroadchip,family
footloose,family
mydogskip,family
thejunglebook2,family
thegeneralsdaughter,mystery
gosfordpark,mystery
cure,mystery
aperfectgetaway,mystery
disclosure,mystery
scoobydoo,mystery
easternpromises,mystery
thexfiles,mystery
wickerpark,mystery
beforeigotosleep,mystery
2001aspaceodyssey,mystery
88minutes,mystery
dressedtokill,mystery
eyeofthebeholder,mystery
rec,mystery
angelsdemons,mystery
themissingperson,mystery
thething,mystery
cypher,mystery
pi,mystery
courageunderfire,mystery
8women,mystery
windsordrive,mystery
basicinstinct2,mystery
thereturn,mystery
thegift,mystery
carouselofrevenge,mystery
thewailing,mystery
thesixthsense,mystery
frenzy,mystery
highcrimes,mystery
supertroopers,mystery
halloweeniiiseasonofthewitch,mystery
thedevilsadvocate,mystery
allgoodthings,mystery
rubber,mystery
horror,mystery
thesecretintheireyes,mystery
aceventurapetdetective,mystery
flightplan,mystery
super8,mystery
thesoundandtheshadow,mystery
session9,mystery
theoxfordmurders,mystery
brighamcity,mystery
themothmanprophecies,mystery
theconstantgardener,mystery
iknowwhatyoudidlastsummer,mystery
thecurseofthejadescorpion,mystery
beneaththeplanetoftheapes,mystery
gossip,mystery
soulsurvivors,mystery
scoobydoo2monstersunleashed,mystery
dreamhouse,mystery
afterlife,mystery
trance,mystery
theredviolin,mystery
prometheus,mystery
secretwindow,mystery
joedirt,mystery
after,mystery
joyride,mystery
transcendence,mystery
changeling,mystery
theconversation,mystery
ghost,mystery
thevaticanexorcisms,mystery
mulhollanddrive,mystery
winterstale,mystery
forbiddenkingdom,mystery
case39,mystery
wildthings,mystery
theothers,mystery
thethirteenthfloor,mystery
nerve,mystery
213,mystery
amistad,mystery
startrekthemotionpicture,mystery
midnightinthegardenofgoodandevil,mystery
videodrome,mystery
thejacket,mystery
fromhell,mystery
thelakehouse,mystery
insomnia,mystery
thepelicanbrief,mystery
atlasshruggedpartiiiwhoisjohngalt,mystery
thefinaldestination,mystery
istillknowwhatyoudidlastsummer,mystery
silenthillrevelation3d,mystery
originalsin,mystery
exotica,mystery
thefan,mystery
contact,mystery
thehouseofthedevil,mystery
houseonhauntedhill,mystery
wonderland,mystery
theimaginariumofdoctorparnassus,mystery
memento,mystery
citybythesea,mystery
8mm,mystery
